test_acquisition_without_corpus_preserves_queued_archive_and_frozen_cutoff (scripts.tests.test_migrate_lc0_pretraining_source_commit.Lc0PretrainingMigrationTests.test_acquisition_without_corpus_preserves_queued_archive_and_frozen_cutoff) ... ok
test_any_training_state_or_artifact_refuses_even_zero_chunks (scripts.tests.test_migrate_lc0_pretraining_source_commit.Lc0PretrainingMigrationTests.test_any_training_state_or_artifact_refuses_even_zero_chunks) ... ok
test_audit_removed_corrupted_or_replaced_in_hook_refuses (scripts.tests.test_migrate_lc0_pretraining_source_commit.Lc0PretrainingMigrationTests.test_audit_removed_corrupted_or_replaced_in_hook_refuses) ... ok
test_bad_pins_dirty_repository_and_wrong_head_refuse (scripts.tests.test_migrate_lc0_pretraining_source_commit.Lc0PretrainingMigrationTests.test_bad_pins_dirty_repository_and_wrong_head_refuse) ... ok
test_bootstrap_hash_root_and_symlink_validation (scripts.tests.test_migrate_lc0_pretraining_source_commit.Lc0PretrainingMigrationTests.test_bootstrap_hash_root_and_symlink_validation) ... ok
test_changed_data_after_preparation_or_in_hook_refuses_pin_move (scripts.tests.test_migrate_lc0_pretraining_source_commit.Lc0PretrainingMigrationTests.test_changed_data_after_preparation_or_in_hook_refuses_pin_move) ... ok
test_cli_requires_explicit_lc0_mode (scripts.tests.test_migrate_lc0_pretraining_source_commit.Lc0PretrainingMigrationTests.test_cli_requires_explicit_lc0_mode) ... ok
test_corpus_manifest_bounds_must_match_frozen_identity (scripts.tests.test_migrate_lc0_pretraining_source_commit.Lc0PretrainingMigrationTests.test_corpus_manifest_bounds_must_match_frozen_identity) ... ok
test_crashes_before_and_after_pin_replace_retry_idempotently (scripts.tests.test_migrate_lc0_pretraining_source_commit.Lc0PretrainingMigrationTests.test_crashes_before_and_after_pin_replace_retry_idempotently) ... ok
test_intermediate_directory_aliases_refuse (scripts.tests.test_migrate_lc0_pretraining_source_commit.Lc0PretrainingMigrationTests.test_intermediate_directory_aliases_refuse) ... ok
test_new_pin_without_audit_and_state_after_applied_migration_refuse (scripts.tests.test_migrate_lc0_pretraining_source_commit.Lc0PretrainingMigrationTests.test_new_pin_without_audit_and_state_after_applied_migration_refuse) ... ok
test_non_fast_forward_refuses (scripts.tests.test_migrate_lc0_pretraining_source_commit.Lc0PretrainingMigrationTests.test_non_fast_forward_refuses) ... ok
test_optional_lock_appearing_after_acquisition_refuses (scripts.tests.test_migrate_lc0_pretraining_source_commit.Lc0PretrainingMigrationTests.test_optional_lock_appearing_after_acquisition_refuses) ... ok
test_optional_prepare_or_trainer_lock_is_respected (scripts.tests.test_migrate_lc0_pretraining_source_commit.Lc0PretrainingMigrationTests.test_optional_prepare_or_trainer_lock_is_respected) ... ok
test_prepared_audit_directory_alias_refuses_retry (scripts.tests.test_migrate_lc0_pretraining_source_commit.Lc0PretrainingMigrationTests.test_prepared_audit_directory_alias_refuses_retry) ... ok
test_prepared_audit_preserves_manifest_bootstrap_and_unstarted_clock (scripts.tests.test_migrate_lc0_pretraining_source_commit.Lc0PretrainingMigrationTests.test_prepared_audit_preserves_manifest_bootstrap_and_unstarted_clock) ... ok
test_replaced_launcher_lock_refuses (scripts.tests.test_migrate_lc0_pretraining_source_commit.Lc0PretrainingMigrationTests.test_replaced_launcher_lock_refuses) ... ok
test_requires_external_stop_attestation_and_real_launcher_lock (scripts.tests.test_migrate_lc0_pretraining_source_commit.Lc0PretrainingMigrationTests.test_requires_external_stop_attestation_and_real_launcher_lock) ... ok
test_fresh_lineage_without_checkpoint_migrates (scripts.tests.test_migrate_vast_source_commit.SourceCommitMigrationTests.test_fresh_lineage_without_checkpoint_migrates) ... ok
test_mature_state_missing_checkpoint_still_refuses (scripts.tests.test_migrate_vast_source_commit.SourceCommitMigrationTests.test_mature_state_missing_checkpoint_still_refuses) ... ok
test_prepared_audit_recovers_idempotently_after_crash_before_pin_update (scripts.tests.test_migrate_vast_source_commit.SourceCommitMigrationTests.test_prepared_audit_recovers_idempotently_after_crash_before_pin_update) ... ok
test_refuses_dirty_repository (scripts.tests.test_migrate_vast_source_commit.SourceCommitMigrationTests.test_refuses_dirty_repository) ... ok
test_refuses_migration_while_autopilot_lock_is_held (scripts.tests.test_migrate_vast_source_commit.SourceCommitMigrationTests.test_refuses_migration_while_autopilot_lock_is_held) ... ok
test_refuses_new_pin_without_prepared_audit (scripts.tests.test_migrate_vast_source_commit.SourceCommitMigrationTests.test_refuses_new_pin_without_prepared_audit) ... ok
test_refuses_non_fast_forward_commit_transition (scripts.tests.test_migrate_vast_source_commit.SourceCommitMigrationTests.test_refuses_non_fast_forward_commit_transition) ... ok
test_refuses_preserved_artifact_hash_mismatch (scripts.tests.test_migrate_vast_source_commit.SourceCommitMigrationTests.test_refuses_preserved_artifact_hash_mismatch) ... ok
test_refuses_preserved_artifact_outside_run_root (scripts.tests.test_migrate_vast_source_commit.SourceCommitMigrationTests.test_refuses_preserved_artifact_outside_run_root) ... ok
test_writes_complete_audit_before_atomically_replacing_pin (scripts.tests.test_migrate_vast_source_commit.SourceCommitMigrationTests.test_writes_complete_audit_before_atomically_replacing_pin) ... ok

----------------------------------------------------------------------
Ran 28 tests in 8.642s

OK
{"audit_path": "/private/var/folders/qt/908md9g12ys3th9sw1ll3x740000gn/T/tmpqpuv3c_k/lc0", "new_commit": "c5cceb277c2333cb4aea0d57387cf3aa6a37d3db", "old_commit": "337f83e6120b5c8073beae2f55e44df62a695ed0", "status": "fixture"}
{"audit_path": "/private/var/folders/qt/908md9g12ys3th9sw1ll3x740000gn/T/tmpqpuv3c_k/lc0/source_commit_migrations/337f83e6120b5c8073beae2f55e44df62a695ed0_to_c5cceb277c2333cb4aea0d57387cf3aa6a37d3db.prepared.json", "new_commit": "c5cceb277c2333cb4aea0d57387cf3aa6a37d3db", "old_commit": "337f83e6120b5c8073beae2f55e44df62a695ed0", "status": "migrated"}
