test_benchmark_is_deterministic_and_uses_committed_assets (test_cpu_benchmark.CpuBenchmarkContractTests.test_benchmark_is_deterministic_and_uses_committed_assets) ... ok
test_committed_model_matches_the_campaign_incumbent_sha (test_cpu_benchmark.CpuBenchmarkContractTests.test_committed_model_matches_the_campaign_incumbent_sha) ... ok
test_script_is_executable_with_valid_syntax (test_cpu_benchmark.CpuBenchmarkContractTests.test_script_is_executable_with_valid_syntax) ... ok
test_fixed_anchor_protocol_keeps_the_canonical_rungs (test_lc0_anchor_monitor.AnchorMonitorTests.test_fixed_anchor_protocol_keeps_the_canonical_rungs) ... ok
test_recent_measured_model_does_not_repeat (test_lc0_anchor_monitor.AnchorMonitorTests.test_recent_measured_model_does_not_repeat) ... ok
test_snapshot_requires_matching_model_sha (test_lc0_anchor_monitor.AnchorMonitorTests.test_snapshot_requires_matching_model_sha) ... ok
test_bootstrap_checksum_is_required_even_with_valid_metadata (test_lc0_deployment.Lc0DeploymentTests.test_bootstrap_checksum_is_required_even_with_valid_metadata) ... ok
test_deployer_parser_defaults_to_30_days_and_keeps_explicit_overrides (test_lc0_deployment.Lc0DeploymentTests.test_deployer_parser_defaults_to_30_days_and_keeps_explicit_overrides) ... ok
test_invalid_bootstrap_does_not_create_source_pin (test_lc0_deployment.Lc0DeploymentTests.test_invalid_bootstrap_does_not_create_source_pin) ... ok
test_launcher_defaults_to_30_days_and_forwards_hours (test_lc0_deployment.Lc0DeploymentTests.test_launcher_defaults_to_30_days_and_forwards_hours) ... ok
test_output_root_cannot_overwrite_selfplay_or_its_parent (test_lc0_deployment.Lc0DeploymentTests.test_output_root_cannot_overwrite_selfplay_or_its_parent) ... ok
test_parent_waits_for_training_child_on_group_shutdown (test_lc0_deployment.Lc0DeploymentTests.test_parent_waits_for_training_child_on_group_shutdown) ... ok
test_source_pin_refuses_a_different_revision (test_lc0_deployment.Lc0DeploymentTests.test_source_pin_refuses_a_different_revision) ... ok
test_supervisor_separates_campaign_and_stops_process_group (test_lc0_deployment.Lc0DeploymentTests.test_supervisor_separates_campaign_and_stops_process_group) ... ok
test_capacity_preflight_uses_rented_ceiling_before_pinning (test_lc0_storage_deployment.Lc0StorageDeploymentTests.test_capacity_preflight_uses_rented_ceiling_before_pinning) ... ok
test_default_capacity_keeps_filesystem_free_space_behavior (test_lc0_storage_deployment.Lc0StorageDeploymentTests.test_default_capacity_keeps_filesystem_free_space_behavior) ... ok
test_default_retains_raw_and_forwards_disabled_capacity_to_every_stage (test_lc0_storage_deployment.Lc0StorageDeploymentTests.test_default_retains_raw_and_forwards_disabled_capacity_to_every_stage) ... ok
test_exhausted_ceiling_with_zero_reserve_refuses_preflight_before_output (test_lc0_storage_deployment.Lc0StorageDeploymentTests.test_exhausted_ceiling_with_zero_reserve_refuses_preflight_before_output) ... ok
test_explicit_no_eviction_overrides_enabled_flag_without_disabling_capacity (test_lc0_storage_deployment.Lc0StorageDeploymentTests.test_explicit_no_eviction_overrides_enabled_flag_without_disabling_capacity) ... ok
test_invalid_capacity_is_rejected_before_bootstrap_or_pin (test_lc0_storage_deployment.Lc0StorageDeploymentTests.test_invalid_capacity_is_rejected_before_bootstrap_or_pin) ... ok
test_opt_in_forwards_receipt_root_capacity_and_explicit_raw_root (test_lc0_storage_deployment.Lc0StorageDeploymentTests.test_opt_in_forwards_receipt_root_capacity_and_explicit_raw_root) ... ok
test_prospective_supervisor_config_explicitly_selects_478gb_and_eviction (test_lc0_storage_deployment.Lc0StorageLauncherTests.test_prospective_supervisor_config_explicitly_selects_478gb_and_eviction) ... ok
test_shell_default_is_explicit_no_eviction_no_capacity_and_720_hours (test_lc0_storage_deployment.Lc0StorageLauncherTests.test_shell_default_is_explicit_no_eviction_no_capacity_and_720_hours) ... ok
test_shell_enables_eviction_and_preserves_trailing_overrides (test_lc0_storage_deployment.Lc0StorageLauncherTests.test_shell_enables_eviction_and_preserves_trailing_overrides) ... ok
test_shell_rejects_invalid_eviction_values_before_starting_python (test_lc0_storage_deployment.Lc0StorageLauncherTests.test_shell_rejects_invalid_eviction_values_before_starting_python) ... ok
test_acquisition_without_corpus_preserves_queued_archive_and_frozen_cutoff (test_migrate_lc0_pretraining_source_commit.Lc0PretrainingMigrationTests.test_acquisition_without_corpus_preserves_queued_archive_and_frozen_cutoff) ... ok
test_any_training_state_or_artifact_refuses_even_zero_chunks (test_migrate_lc0_pretraining_source_commit.Lc0PretrainingMigrationTests.test_any_training_state_or_artifact_refuses_even_zero_chunks) ... ok
test_audit_removed_corrupted_or_replaced_in_hook_refuses (test_migrate_lc0_pretraining_source_commit.Lc0PretrainingMigrationTests.test_audit_removed_corrupted_or_replaced_in_hook_refuses) ... ok
test_bad_pins_dirty_repository_and_wrong_head_refuse (test_migrate_lc0_pretraining_source_commit.Lc0PretrainingMigrationTests.test_bad_pins_dirty_repository_and_wrong_head_refuse) ... ok
test_bootstrap_hash_root_and_symlink_validation (test_migrate_lc0_pretraining_source_commit.Lc0PretrainingMigrationTests.test_bootstrap_hash_root_and_symlink_validation) ... ok
test_changed_data_after_preparation_or_in_hook_refuses_pin_move (test_migrate_lc0_pretraining_source_commit.Lc0PretrainingMigrationTests.test_changed_data_after_preparation_or_in_hook_refuses_pin_move) ... ok
test_cli_requires_explicit_lc0_mode (test_migrate_lc0_pretraining_source_commit.Lc0PretrainingMigrationTests.test_cli_requires_explicit_lc0_mode) ... ok
test_corpus_manifest_bounds_must_match_frozen_identity (test_migrate_lc0_pretraining_source_commit.Lc0PretrainingMigrationTests.test_corpus_manifest_bounds_must_match_frozen_identity) ... ok
test_crashes_before_and_after_pin_replace_retry_idempotently (test_migrate_lc0_pretraining_source_commit.Lc0PretrainingMigrationTests.test_crashes_before_and_after_pin_replace_retry_idempotently) ... ok
test_intermediate_directory_aliases_refuse (test_migrate_lc0_pretraining_source_commit.Lc0PretrainingMigrationTests.test_intermediate_directory_aliases_refuse) ... ok
test_new_pin_without_audit_and_state_after_applied_migration_refuse (test_migrate_lc0_pretraining_source_commit.Lc0PretrainingMigrationTests.test_new_pin_without_audit_and_state_after_applied_migration_refuse) ... ok
test_non_fast_forward_refuses (test_migrate_lc0_pretraining_source_commit.Lc0PretrainingMigrationTests.test_non_fast_forward_refuses) ... ok
test_optional_lock_appearing_after_acquisition_refuses (test_migrate_lc0_pretraining_source_commit.Lc0PretrainingMigrationTests.test_optional_lock_appearing_after_acquisition_refuses) ... ok
test_optional_prepare_or_trainer_lock_is_respected (test_migrate_lc0_pretraining_source_commit.Lc0PretrainingMigrationTests.test_optional_prepare_or_trainer_lock_is_respected) ... ok
test_prepared_audit_directory_alias_refuses_retry (test_migrate_lc0_pretraining_source_commit.Lc0PretrainingMigrationTests.test_prepared_audit_directory_alias_refuses_retry) ... ok
test_prepared_audit_preserves_manifest_bootstrap_and_unstarted_clock (test_migrate_lc0_pretraining_source_commit.Lc0PretrainingMigrationTests.test_prepared_audit_preserves_manifest_bootstrap_and_unstarted_clock) ... ok
test_replaced_launcher_lock_refuses (test_migrate_lc0_pretraining_source_commit.Lc0PretrainingMigrationTests.test_replaced_launcher_lock_refuses) ... ok
test_requires_external_stop_attestation_and_real_launcher_lock (test_migrate_lc0_pretraining_source_commit.Lc0PretrainingMigrationTests.test_requires_external_stop_attestation_and_real_launcher_lock) ... ok
test_fresh_lineage_without_checkpoint_migrates (test_migrate_vast_source_commit.SourceCommitMigrationTests.test_fresh_lineage_without_checkpoint_migrates) ... ok
test_mature_state_missing_checkpoint_still_refuses (test_migrate_vast_source_commit.SourceCommitMigrationTests.test_mature_state_missing_checkpoint_still_refuses) ... ok
test_prepared_audit_recovers_idempotently_after_crash_before_pin_update (test_migrate_vast_source_commit.SourceCommitMigrationTests.test_prepared_audit_recovers_idempotently_after_crash_before_pin_update) ... ok
test_refuses_dirty_repository (test_migrate_vast_source_commit.SourceCommitMigrationTests.test_refuses_dirty_repository) ... ok
test_refuses_migration_while_autopilot_lock_is_held (test_migrate_vast_source_commit.SourceCommitMigrationTests.test_refuses_migration_while_autopilot_lock_is_held) ... ok
test_refuses_new_pin_without_prepared_audit (test_migrate_vast_source_commit.SourceCommitMigrationTests.test_refuses_new_pin_without_prepared_audit) ... ok
test_refuses_non_fast_forward_commit_transition (test_migrate_vast_source_commit.SourceCommitMigrationTests.test_refuses_non_fast_forward_commit_transition) ... ok
test_refuses_preserved_artifact_hash_mismatch (test_migrate_vast_source_commit.SourceCommitMigrationTests.test_refuses_preserved_artifact_hash_mismatch) ... ok
test_refuses_preserved_artifact_outside_run_root (test_migrate_vast_source_commit.SourceCommitMigrationTests.test_refuses_preserved_artifact_outside_run_root) ... ok
test_writes_complete_audit_before_atomically_replacing_pin (test_migrate_vast_source_commit.SourceCommitMigrationTests.test_writes_complete_audit_before_atomically_replacing_pin) ... ok
test_day_one_validates_both_searches_and_candidate_model (test_production_scripts.ProductionScriptContractTests.test_day_one_validates_both_searches_and_candidate_model) ... ok
test_documented_compare_flags_use_clap_kebab_case (test_production_scripts.ProductionScriptContractTests.test_documented_compare_flags_use_clap_kebab_case) ... ok
test_documented_launchers_are_executable (test_production_scripts.ProductionScriptContractTests.test_documented_launchers_are_executable) ... ok
test_gpu_launchers_fail_closed_when_cuda_is_requested (test_production_scripts.ProductionScriptContractTests.test_gpu_launchers_fail_closed_when_cuda_is_requested) ... ok
test_mate_suite_uses_case_sensitive_crate_path (test_production_scripts.ProductionScriptContractTests.test_mate_suite_uses_case_sensitive_crate_path) ... ok
test_production_cargo_commands_are_dependency_locked (test_production_scripts.ProductionScriptContractTests.test_production_cargo_commands_are_dependency_locked) ... ok
test_production_launchers_forward_cycle_retention (test_production_scripts.ProductionScriptContractTests.test_production_launchers_forward_cycle_retention) ... ok
test_run_directory_ownership_is_documented (test_production_scripts.ProductionScriptContractTests.test_run_directory_ownership_is_documented) ... ok
test_seven_day_gpu_launcher_uses_torch_by_default (test_production_scripts.ProductionScriptContractTests.test_seven_day_gpu_launcher_uses_torch_by_default) ... ok
test_seven_day_launcher_enables_cumulative_warm_start (test_production_scripts.ProductionScriptContractTests.test_seven_day_launcher_enables_cumulative_warm_start) ... ok
test_systemd_path_includes_service_users_cargo_bin (test_production_scripts.ProductionScriptContractTests.test_systemd_path_includes_service_users_cargo_bin) ... ok
test_systemd_stops_after_a_clean_deadline_exit (test_production_scripts.ProductionScriptContractTests.test_systemd_stops_after_a_clean_deadline_exit) ... ok
test_training_docs_do_not_claim_bench_compile_drift (test_production_scripts.ProductionScriptContractTests.test_training_docs_do_not_claim_bench_compile_drift) ... ok
test_full_agreement_reports_one (test_teacher_agreement.AgreementReportTests.test_full_agreement_reports_one) ... ok
test_mismatched_lengths_are_an_error (test_teacher_agreement.AgreementReportTests.test_mismatched_lengths_are_an_error) ... ok
test_partial_agreement_and_cp_deltas (test_teacher_agreement.AgreementReportTests.test_partial_agreement_and_cp_deltas) ... ok
test_empty_probe_is_an_error (test_teacher_agreement.ProbeLoadingTests.test_empty_probe_is_an_error) ... ok
test_garbage_line_is_an_error_citing_the_line (test_teacher_agreement.ProbeLoadingTests.test_garbage_line_is_an_error_citing_the_line) ... ok
test_loads_fens_skipping_comments_and_blanks (test_teacher_agreement.ProbeLoadingTests.test_loads_fens_skipping_comments_and_blanks) ... ok
test_engine_crash_and_hang_are_recorded_as_forfeits (test_uci_elo_arena.ArenaGameTests.test_engine_crash_and_hang_are_recorded_as_forfeits) ... /Users/rishisachdev/Library/Python/3.14/lib/python/site-packages/chess/engine.py:54: DeprecationWarning: 'asyncio.DefaultEventLoopPolicy' is deprecated and slated for removal in Python 3.16
  EventLoopPolicy = asyncio.DefaultEventLoopPolicy
ok
test_max_game_length_is_adjudicated_as_a_draw (test_uci_elo_arena.ArenaGameTests.test_max_game_length_is_adjudicated_as_a_draw) ... ok
test_extracts_unique_final_fens_from_compare_play_json (test_uci_elo_arena.ArenaPlanningTests.test_extracts_unique_final_fens_from_compare_play_json) ... ok
test_game_plans_are_deterministic_and_reverse_colors_per_opening (test_uci_elo_arena.ArenaPlanningTests.test_game_plans_are_deterministic_and_reverse_colors_per_opening) ... ok
test_odd_game_count_is_rejected_for_strict_pairing (test_uci_elo_arena.ArenaPlanningTests.test_odd_game_count_is_rejected_for_strict_pairing) ... ok
test_state_resume_skips_completed_games_and_rejects_config_drift (test_uci_elo_arena.ArenaResumeTests.test_state_resume_skips_completed_games_and_rejects_config_drift) ... ok
test_bootstrap_uses_only_complete_opening_pairs (test_uci_elo_arena.ArenaStatisticsTests.test_bootstrap_uses_only_complete_opening_pairs) ... ok
test_logistic_elo_and_paired_bootstrap_are_reproducible (test_uci_elo_arena.ArenaStatisticsTests.test_logistic_elo_and_paired_bootstrap_are_reproducible) ... ok
test_default_wall_cap_leaves_headroom_for_60s_increment_games (test_uci_elo_arena.ArenaUciSafetyTests.test_default_wall_cap_leaves_headroom_for_60s_increment_games) ... ok
test_piebot_options_pin_single_thread_nnue_and_model_hash (test_uci_elo_arena.ArenaUciSafetyTests.test_piebot_options_pin_single_thread_nnue_and_model_hash) ... ok
test_preflight_rejects_spin_values_outside_advertised_range (test_uci_elo_arena.ArenaUciSafetyTests.test_preflight_rejects_spin_values_outside_advertised_range) ... ok
test_python_chess_startup_timeout_does_not_cap_legal_think_time (test_uci_elo_arena.ArenaUciSafetyTests.test_python_chess_startup_timeout_does_not_cap_legal_think_time) ... ok
test_raw_preflight_fails_on_silent_piebot_nnue_fallback (test_uci_elo_arena.ArenaUciSafetyTests.test_raw_preflight_fails_on_silent_piebot_nnue_fallback) ... ok
test_stockfish_options_disable_ponder_multipv_and_tablebases (test_uci_elo_arena.ArenaUciSafetyTests.test_stockfish_options_disable_ponder_multipv_and_tablebases) ... ok
test_more_games_tighten_the_confidence_interval (test_uci_elo_ladder.PooledEstimateTests.test_more_games_tighten_the_confidence_interval) ... ok
test_perfect_score_is_degenerate_with_no_estimate (test_uci_elo_ladder.PooledEstimateTests.test_perfect_score_is_degenerate_with_no_estimate) ... ok
test_single_rung_even_score_estimates_the_rung (test_uci_elo_ladder.PooledEstimateTests.test_single_rung_even_score_estimates_the_rung) ... ok
test_two_rungs_pool_toward_the_consistent_strength (test_uci_elo_ladder.PooledEstimateTests.test_two_rungs_pool_toward_the_consistent_strength) ... ok
test_zero_score_is_degenerate_with_no_estimate (test_uci_elo_ladder.PooledEstimateTests.test_zero_score_is_degenerate_with_no_estimate) ... ok
test_one_command_per_rung_with_distinct_results_files (test_uci_elo_ladder.RungCommandTests.test_one_command_per_rung_with_distinct_results_files) ... ok
test_rung_seeds_differ_so_openings_are_independent (test_uci_elo_ladder.RungCommandTests.test_rung_seeds_differ_so_openings_are_independent) ... ok
test_actor_budget_is_deployed_with_measured_values (test_vast_campaign_v2_deployment.CampaignV2DeploymentTests.test_actor_budget_is_deployed_with_measured_values) ... ok
test_adjudication_is_explicit_with_plan_values (test_vast_campaign_v2_deployment.CampaignV2DeploymentTests.test_adjudication_is_explicit_with_plan_values) ... ok
test_book_on_disk_matches_the_pinned_sha (test_vast_campaign_v2_deployment.CampaignV2DeploymentTests.test_book_on_disk_matches_the_pinned_sha) ... ok
test_bootstrap_sources_are_the_verified_artifacts (test_vast_campaign_v2_deployment.CampaignV2DeploymentTests.test_bootstrap_sources_are_the_verified_artifacts) ... ok
test_external_teacher_is_supported_and_staged_when_set (test_vast_campaign_v2_deployment.CampaignV2DeploymentTests.test_external_teacher_is_supported_and_staged_when_set) ... ok
test_fresh_init_leaves_no_unguarded_checkpoint_reference (test_vast_campaign_v2_deployment.CampaignV2DeploymentTests.test_fresh_init_leaves_no_unguarded_checkpoint_reference) ... ok
test_gate_screen_filters_before_the_expensive_confirmation (test_vast_campaign_v2_deployment.CampaignV2DeploymentTests.test_gate_screen_filters_before_the_expensive_confirmation)
The screen is a resource filter, so its threshold must be positive. ... ok
test_gpu_preflight_admits_a_24gb_marketed_card (test_vast_campaign_v2_deployment.CampaignV2DeploymentTests.test_gpu_preflight_admits_a_24gb_marketed_card) ... ok
test_high_volume_depth_four_actor_uses_capped_deep_teacher (test_vast_campaign_v2_deployment.CampaignV2DeploymentTests.test_high_volume_depth_four_actor_uses_capped_deep_teacher) ... ok
test_launcher_is_executable_and_has_valid_bash_syntax (test_vast_campaign_v2_deployment.CampaignV2DeploymentTests.test_launcher_is_executable_and_has_valid_bash_syntax) ... ok
test_launcher_is_piebot_self_teacher_only (test_vast_campaign_v2_deployment.CampaignV2DeploymentTests.test_launcher_is_piebot_self_teacher_only) ... ok
test_launcher_supports_fresh_init_lineage (test_vast_campaign_v2_deployment.CampaignV2DeploymentTests.test_launcher_supports_fresh_init_lineage) ... ok
test_launcher_warns_but_never_dies_on_gate_worker_clamp (test_vast_campaign_v2_deployment.CampaignV2DeploymentTests.test_launcher_warns_but_never_dies_on_gate_worker_clamp)
A batch smaller than GATE_PARALLEL_GAMES silently runs fewer workers ... ok
test_launcher_wires_train_arch (test_vast_campaign_v2_deployment.CampaignV2DeploymentTests.test_launcher_wires_train_arch) ... ok
test_learning_rates_and_width_are_explicit (test_vast_campaign_v2_deployment.CampaignV2DeploymentTests.test_learning_rates_and_width_are_explicit) ... ok
test_opening_book_is_staged_by_sha_and_wired (test_vast_campaign_v2_deployment.CampaignV2DeploymentTests.test_opening_book_is_staged_by_sha_and_wired) ... ok
test_outcome_target_env_is_wired (test_vast_campaign_v2_deployment.CampaignV2DeploymentTests.test_outcome_target_env_is_wired) ... ok
test_retention_keeps_replay_window_covered (test_vast_campaign_v2_deployment.CampaignV2DeploymentTests.test_retention_keeps_replay_window_covered) ... ok
test_root_and_deadline_are_minted_for_the_full_campaign (test_vast_campaign_v2_deployment.CampaignV2DeploymentTests.test_root_and_deadline_are_minted_for_the_full_campaign) ... ok
test_slot_partition_reserves_arena_and_ab_lanes (test_vast_campaign_v2_deployment.CampaignV2DeploymentTests.test_slot_partition_reserves_arena_and_ab_lanes) ... ok
test_source_pin_is_written_only_after_all_preflights_pass (test_vast_campaign_v2_deployment.CampaignV2DeploymentTests.test_source_pin_is_written_only_after_all_preflights_pass) ... ok
test_sprt_batch_does_not_clamp_the_configured_worker_count (test_vast_campaign_v2_deployment.CampaignV2DeploymentTests.test_sprt_batch_does_not_clamp_the_configured_worker_count)
The batch must carry at least as many pairs as there are workers. ... ok
test_sprt_gate_is_enabled_with_plan_parameters (test_vast_campaign_v2_deployment.CampaignV2DeploymentTests.test_sprt_gate_is_enabled_with_plan_parameters) ... ok
test_sprt_h1_targets_the_conventional_small_patch_elo_band (test_vast_campaign_v2_deployment.CampaignV2DeploymentTests.test_sprt_h1_targets_the_conventional_small_patch_elo_band)
delta1 must sit in the [0, 10]-Elo band conventional for this tier. ... ok
test_sprt_max_pairs_can_reach_a_verdict_at_the_design_point (test_vast_campaign_v2_deployment.CampaignV2DeploymentTests.test_sprt_max_pairs_can_reach_a_verdict_at_the_design_point)
max_pairs and delta1 must be changed together, never delta1 alone. ... ok
test_supervisor_conf_carries_no_statistical_gate_knob (test_vast_campaign_v2_deployment.CampaignV2DeploymentTests.test_supervisor_conf_carries_no_statistical_gate_knob)
Only gate *throughput* may be tuned per host; the bar may not be. ... ok
test_supervisor_conf_carries_the_threadripper_resource_profile (test_vast_campaign_v2_deployment.CampaignV2DeploymentTests.test_supervisor_conf_carries_the_threadripper_resource_profile) ... ok
test_supervisor_conf_is_restart_safe (test_vast_campaign_v2_deployment.CampaignV2DeploymentTests.test_supervisor_conf_is_restart_safe) ... ok
test_supervisor_conf_supplies_the_measured_node_cap (test_vast_campaign_v2_deployment.CampaignV2DeploymentTests.test_supervisor_conf_supplies_the_measured_node_cap) ... ok
test_supervisor_replays_and_retains_four_cycles (test_vast_campaign_v2_deployment.CampaignV2DeploymentTests.test_supervisor_replays_and_retains_four_cycles) ... ok
test_teacher_depth_is_a_measured_configuration (test_vast_campaign_v2_deployment.CampaignV2DeploymentTests.test_teacher_depth_is_a_measured_configuration) ... ok
test_teacher_mix_env_is_wired (test_vast_campaign_v2_deployment.CampaignV2DeploymentTests.test_teacher_mix_env_is_wired) ... ok
test_temperature_window_is_tightened (test_vast_campaign_v2_deployment.CampaignV2DeploymentTests.test_temperature_window_is_tightened) ... ok
test_v6_conf_mints_arch_v2_1024_lineage (test_vast_campaign_v2_deployment.CampaignV2DeploymentTests.test_v6_conf_mints_arch_v2_1024_lineage) ... ok
test_launcher_bootstraps_from_exact_prior_active_piebot_model (test_vast_self_teacher_deployment.VastSelfTeacherDeploymentTests.test_launcher_bootstraps_from_exact_prior_active_piebot_model) ... ok
test_launcher_copies_and_pins_self_labeled_validation_inside_new_run (test_vast_self_teacher_deployment.VastSelfTeacherDeploymentTests.test_launcher_copies_and_pins_self_labeled_validation_inside_new_run) ... ok
test_launcher_distinguishes_checkpoint_holdout_from_reference_envelope (test_vast_self_teacher_deployment.VastSelfTeacherDeploymentTests.test_launcher_distinguishes_checkpoint_holdout_from_reference_envelope) ... ok
test_launcher_explicitly_opts_into_incremental_pst_regression_veto (test_vast_self_teacher_deployment.VastSelfTeacherDeploymentTests.test_launcher_explicitly_opts_into_incremental_pst_regression_veto) ... ok
test_launcher_is_executable_and_has_valid_bash_syntax (test_vast_self_teacher_deployment.VastSelfTeacherDeploymentTests.test_launcher_is_executable_and_has_valid_bash_syntax) ... ok
test_launcher_is_explicitly_piebot_self_teacher_only (test_vast_self_teacher_deployment.VastSelfTeacherDeploymentTests.test_launcher_is_explicitly_piebot_self_teacher_only) ... ok
test_launcher_pins_clean_source_commit_across_restarts (test_vast_self_teacher_deployment.VastSelfTeacherDeploymentTests.test_launcher_pins_clean_source_commit_across_restarts) ... ok
test_launcher_preserves_72_hour_deadline_across_restarts (test_vast_self_teacher_deployment.VastSelfTeacherDeploymentTests.test_launcher_preserves_72_hour_deadline_across_restarts) ... ok
test_launcher_stops_after_the_observed_useful_epoch_window (test_vast_self_teacher_deployment.VastSelfTeacherDeploymentTests.test_launcher_stops_after_the_observed_useful_epoch_window) ... ok
test_launcher_uses_prior_weights_without_old_optimizer_moments (test_vast_self_teacher_deployment.VastSelfTeacherDeploymentTests.test_launcher_uses_prior_weights_without_old_optimizer_moments) ... ok
test_launcher_uses_vm_and_gpu_capacity_fail_closed (test_vast_self_teacher_deployment.VastSelfTeacherDeploymentTests.test_launcher_uses_vm_and_gpu_capacity_fail_closed) ... ok
test_supervisor_template_has_safe_long_job_semantics (test_vast_self_teacher_deployment.VastSelfTeacherDeploymentTests.test_supervisor_template_has_safe_long_job_semantics) ... ok

----------------------------------------------------------------------
Ran 139 tests in 10.692s

OK
{"audit_path": "/private/var/folders/qt/908md9g12ys3th9sw1ll3x740000gn/T/tmp_uo8xyjw/lc0", "new_commit": "1570c60e27aed412a7b1d226133c0b5c162e6d34", "old_commit": "2c3469dafdd087ed4d9f2596f630777847dba245", "status": "fixture"}
{"audit_path": "/private/var/folders/qt/908md9g12ys3th9sw1ll3x740000gn/T/tmp_uo8xyjw/lc0/source_commit_migrations/2c3469dafdd087ed4d9f2596f630777847dba245_to_1570c60e27aed412a7b1d226133c0b5c162e6d34.prepared.json", "new_commit": "1570c60e27aed412a7b1d226133c0b5c162e6d34", "old_commit": "2c3469dafdd087ed4d9f2596f630777847dba245", "status": "migrated"}
