{"id": "0n34Qzaw", "best": -32, "original_loss": 310, "candidates": {"a5a4": 29}}
{"id": "0uQycpT3", "best": -3, "original_loss": 239, "candidates": {"e6d6": 0}}
{"id": "2z6sd6eD", "best": -238, "original_loss": 201, "candidates": {"c6c8": 104}}
{"id": "ACpWhwts", "best": -4, "original_loss": 499, "candidates": {"c6b5": 0}}
{"id": "C3d1f8t5", "best": 358, "original_loss": 927, "candidates": {"b2b4": 112, "d3d4": 88, "f3d4": 0, "f3e1": 103, "g2g4": 165}}
{"id": "GHPk8cFh", "best": 334, "original_loss": 856, "candidates": {"c3d3": 0}}
{"id": "HHDNXxMC", "best": 190, "original_loss": 651, "candidates": {"c8e6": 0}}
{"id": "J42GMiJ1", "best": -73, "original_loss": 295, "candidates": {"h1h2": 0}}
{"id": "JWeqHb5K", "best": -188, "original_loss": 752, "candidates": {"g3f5": 0}}
{"id": "LB4OIXjv", "best": 103, "original_loss": 710, "candidates": {"g1g2": 2}}
{"id": "LEko2Bo3", "best": 38, "original_loss": 598, "candidates": {"a2a4": 76}}
{"id": "M7txMmIo", "best": -55, "original_loss": 237, "candidates": {"c5a4": 237}}
{"id": "OvXxMEBU", "best": -132, "original_loss": 421, "candidates": {"c8d8": 0}}
{"id": "P2GhdTnL", "best": 195, "original_loss": 676, "candidates": {"f4e5": 0}}
{"id": "PJzgiueQ", "best": -140, "original_loss": 266, "candidates": {"f6g4": 0}}
{"id": "PnDZ1rNw", "best": 0, "original_loss": 431, "candidates": {"a2a3": 24}}
{"id": "QR2ZDi3K", "best": 36, "original_loss": 503, "candidates": {"e2e3": 8}}
{"id": "RbqMJLNn", "best": 82, "original_loss": 546, "candidates": {"b7b6": 0, "g7g5": 50, "h8d8": 259, "h8e8": 38}}
{"id": "SQYwSfWv", "best": -280, "original_loss": 618, "candidates": {"e6b3": 0}}
{"id": "U0E0YGi4", "best": 205, "original_loss": 889, "candidates": {"d1c2": 93, "h1e1": 3, "h2h4": 0}}
{"id": "VM43kYAX", "best": 274, "original_loss": 853, "candidates": {"h1h3": 0}}
{"id": "aDKPAme7", "best": 111, "original_loss": 624, "candidates": {"f1d3": 11}}
{"id": "aGvveGBK", "best": 439, "original_loss": 1274, "candidates": {"h6g7": 0}}
{"id": "afKmbtCA", "best": 0, "original_loss": 962, "candidates": {"g8f7": 0}}
{"id": "bpnPWGHh", "best": 212, "original_loss": 730, "candidates": {"a4d4": 0}}
{"id": "cDQc4aEM", "best": -43, "original_loss": 236, "candidates": {"d5c4": 6}}
{"id": "d4Xy5UgZ", "best": 31, "original_loss": 375, "candidates": {"d1c2": 3}}
{"id": "fySCSVq8", "best": 101, "original_loss": 227, "candidates": {"a3a4": 40}}
{"id": "ge5nISsk", "best": 1, "original_loss": 404, "candidates": {"g1h2": 112}}
{"id": "gxZ1uOYx", "best": -52, "original_loss": 319, "candidates": {"f5h6": 0}}
{"id": "iDBhSbyz", "best": 5, "original_loss": 99995, "candidates": {"e6e5": 0}}
{"id": "iaQsigGH", "best": -60, "original_loss": 305, "candidates": {"b7b6": 1}}
{"id": "l0mX5oKW", "best": 59, "original_loss": 415, "candidates": {"b4d6": 0}}
{"id": "nvZQfQ7b", "best": 0, "original_loss": 5886, "candidates": {"d5d4": 0}}
{"id": "sBokCf7h", "best": -130, "original_loss": 530, "candidates": {"e2e1": 5}}
{"id": "sEi3c6E4", "best": 220, "original_loss": 100219, "candidates": {"f1e2": 0}}
{"id": "t0mmSvCU", "best": 402, "original_loss": 795, "candidates": {"h6h5": 0}}
{"id": "vLiwuMUL", "best": 0, "original_loss": 212, "candidates": {"h2h4": 212}}
{"id": "vRdCb6Is", "best": -260, "original_loss": 436, "candidates": {"e3e1": 410}}
{"id": "xZ2n1t26", "best": -133, "original_loss": 221, "candidates": {"d5b6": 221}}
{"id": "xeYpEWCh", "best": 0, "original_loss": 603, "candidates": {"d2d3": 0}}
{"id": "yjnFKJh3", "best": 0, "original_loss": 217, "candidates": {"f1g2": 1}}
{"id": "yrgATAlH", "best": 35, "original_loss": 456, "candidates": {"f7f6": 28}}
{"id": "zCjyGtbm", "best": -139, "original_loss": 608, "candidates": {"c7d8": 45}}
{"id": "zQoaxfK6", "best": 66, "original_loss": 504, "candidates": {"c1g5": 0, "g1f3": 7}}
