{"type": "result", "id": "sEi3c6E4", "ply": 43, "mode": "clock", "repetition": 1, "historical_bad_move": "h5h6", "avoids_recorded_blunder": true, "bestmove": "f1e2", "san": "Be2", "go": "go wtime 65169 btime 68450 winc 1000 binc 1000", "elapsed": 2.8352650506421924, "final_info": "info depth 17 seldepth 29 score cp 315 nodes 2344557", "mate_in_one_replies": []}
{"type": "result", "id": "sEi3c6E4", "ply": 43, "mode": "clock", "repetition": 2, "historical_bad_move": "h5h6", "avoids_recorded_blunder": true, "bestmove": "f1e2", "san": "Be2", "go": "go wtime 65169 btime 68450 winc 1000 binc 1000", "elapsed": 2.794814934954047, "final_info": "info depth 18 seldepth 34 score cp 388 nodes 2455702", "mate_in_one_replies": []}
{"type": "result", "id": "sEi3c6E4", "ply": 43, "mode": "clock", "repetition": 3, "historical_bad_move": "h5h6", "avoids_recorded_blunder": true, "bestmove": "f1e2", "san": "Be2", "go": "go wtime 65169 btime 68450 winc 1000 binc 1000", "elapsed": 3.0700128842145205, "final_info": "info depth 18 seldepth 32 score cp 402 nodes 2371122", "mate_in_one_replies": []}
{"type": "result", "id": "zQoaxfK6", "ply": 3, "mode": "clock", "repetition": 1, "historical_bad_move": "c1h6", "avoids_recorded_blunder": true, "bestmove": "c1g5", "san": "Bg5", "go": "go wtime 119000 btime 120000 winc 2000 binc 2000", "elapsed": 5.691628344357014, "final_info": "info depth 16 seldepth 33 score cp 121 nodes 4525843", "mate_in_one_replies": []}
{"type": "result", "id": "zQoaxfK6", "ply": 3, "mode": "clock", "repetition": 2, "historical_bad_move": "c1h6", "avoids_recorded_blunder": true, "bestmove": "g1f3", "san": "Nf3", "go": "go wtime 119000 btime 120000 winc 2000 binc 2000", "elapsed": 5.91347043402493, "final_info": "info depth 16 seldepth 26 score cp 123 nodes 4905560", "mate_in_one_replies": []}
{"type": "result", "id": "zQoaxfK6", "ply": 3, "mode": "clock", "repetition": 3, "historical_bad_move": "c1h6", "avoids_recorded_blunder": true, "bestmove": "c1g5", "san": "Bg5", "go": "go wtime 119000 btime 120000 winc 2000 binc 2000", "elapsed": 4.099703062325716, "final_info": "info depth 16 seldepth 30 score cp 147 nodes 3628117", "mate_in_one_replies": []}
{"type": "result", "id": "aGvveGBK", "ply": 66, "mode": "clock", "repetition": 1, "historical_bad_move": "h6f4", "avoids_recorded_blunder": true, "bestmove": "h6g7", "san": "Qg7", "go": "go wtime 71210 btime 47959 winc 2000 binc 2000", "elapsed": 3.977334186434746, "final_info": "info depth 15 seldepth 34 score cp 874 nodes 3596544", "mate_in_one_replies": []}
{"type": "result", "id": "aGvveGBK", "ply": 66, "mode": "clock", "repetition": 2, "historical_bad_move": "h6f4", "avoids_recorded_blunder": true, "bestmove": "h6g7", "san": "Qg7", "go": "go wtime 71210 btime 47959 winc 2000 binc 2000", "elapsed": 2.2073261812329292, "final_info": "info depth 16 seldepth 35 score cp 693 nodes 2046212", "mate_in_one_replies": []}
{"type": "result", "id": "aGvveGBK", "ply": 66, "mode": "clock", "repetition": 3, "historical_bad_move": "h6f4", "avoids_recorded_blunder": true, "bestmove": "h6g7", "san": "Qg7", "go": "go wtime 71210 btime 47959 winc 2000 binc 2000", "elapsed": 3.9678212413564324, "final_info": "info depth 15 seldepth 34 score cp 857 nodes 4121100", "mate_in_one_replies": []}
{"type": "result", "id": "U0E0YGi4", "ply": 61, "mode": "clock", "repetition": 1, "historical_bad_move": "c3h3", "avoids_recorded_blunder": true, "bestmove": "h1e1", "san": "Re1", "go": "go wtime 58409 btime 62880 winc 2000 binc 2000", "elapsed": 3.4132091468200088, "final_info": "info depth 16 seldepth 29 score cp 369 nodes 2887706", "mate_in_one_replies": []}
{"type": "result", "id": "U0E0YGi4", "ply": 61, "mode": "clock", "repetition": 2, "historical_bad_move": "c3h3", "avoids_recorded_blunder": true, "bestmove": "h2h4", "san": "h4", "go": "go wtime 58409 btime 62880 winc 2000 binc 2000", "elapsed": 2.600244425237179, "final_info": "info depth 15 seldepth 26 score cp 427 nodes 2340856", "mate_in_one_replies": []}
{"type": "result", "id": "U0E0YGi4", "ply": 61, "mode": "clock", "repetition": 3, "historical_bad_move": "c3h3", "avoids_recorded_blunder": true, "bestmove": "h1e1", "san": "Re1", "go": "go wtime 58409 btime 62880 winc 2000 binc 2000", "elapsed": 4.079910797066987, "final_info": "info depth 16 seldepth 29 score cp 369 nodes 3708222", "mate_in_one_replies": []}
{"type": "result", "id": "C3d1f8t5", "ply": 37, "mode": "clock", "repetition": 1, "historical_bad_move": "d3c4", "avoids_recorded_blunder": true, "bestmove": "f3d4", "san": "Nd4", "go": "go wtime 75460 btime 94030 winc 2000 binc 2000", "elapsed": 3.173278082162142, "final_info": "info depth 14 seldepth 24 score cp 405 nodes 2806157", "mate_in_one_replies": []}
{"type": "result", "id": "C3d1f8t5", "ply": 37, "mode": "clock", "repetition": 2, "historical_bad_move": "d3c4", "avoids_recorded_blunder": true, "bestmove": "d3d4", "san": "Qd4", "go": "go wtime 75460 btime 94030 winc 2000 binc 2000", "elapsed": 3.7514458103105426, "final_info": "info depth 15 seldepth 24 score cp 363 nodes 3665506", "mate_in_one_replies": []}
{"type": "result", "id": "C3d1f8t5", "ply": 37, "mode": "clock", "repetition": 3, "historical_bad_move": "d3c4", "avoids_recorded_blunder": true, "bestmove": "f3e1", "san": "Ne1", "go": "go wtime 75460 btime 94030 winc 2000 binc 2000", "elapsed": 3.5247512068599463, "final_info": "info depth 15 seldepth 23 score cp 374 nodes 3322206", "mate_in_one_replies": []}
{"type": "result", "id": "RbqMJLNn", "ply": 32, "mode": "clock", "repetition": 1, "historical_bad_move": "f6g5", "avoids_recorded_blunder": true, "bestmove": "g7g5", "san": "g5", "go": "go wtime 81910 btime 110749 winc 2000 binc 2000", "elapsed": 4.310540094040334, "final_info": "info depth 16 seldepth 27 score cp 185 nodes 3599962", "mate_in_one_replies": []}
{"type": "result", "id": "RbqMJLNn", "ply": 32, "mode": "clock", "repetition": 2, "historical_bad_move": "f6g5", "avoids_recorded_blunder": true, "bestmove": "h8d8", "san": "Rhd8", "go": "go wtime 81910 btime 110749 winc 2000 binc 2000", "elapsed": 4.8045629765838385, "final_info": "info depth 17 seldepth 27 score cp 180 nodes 4112791", "mate_in_one_replies": []}
{"type": "result", "id": "RbqMJLNn", "ply": 32, "mode": "clock", "repetition": 3, "historical_bad_move": "f6g5", "avoids_recorded_blunder": true, "bestmove": "h8e8", "san": "Re8", "go": "go wtime 81910 btime 110749 winc 2000 binc 2000", "elapsed": 4.214187674224377, "final_info": "info depth 15 seldepth 26 score cp 162 nodes 2954918", "mate_in_one_replies": []}
{"type": "result", "id": "sEi3c6E4", "ply": 43, "mode": "depth", "repetition": 1, "historical_bad_move": "h5h6", "avoids_recorded_blunder": true, "bestmove": "f1e2", "san": "Be2", "go": "go depth 15", "elapsed": 1.0214217444881797, "final_info": "info depth 15 seldepth 25 score cp 324 nodes 898674", "mate_in_one_replies": []}
{"type": "result", "id": "sEi3c6E4", "ply": 43, "mode": "depth", "repetition": 2, "historical_bad_move": "h5h6", "avoids_recorded_blunder": true, "bestmove": "f1e2", "san": "Be2", "go": "go depth 15", "elapsed": 0.8441285565495491, "final_info": "info depth 15 seldepth 25 score cp 324 nodes 706806", "mate_in_one_replies": []}
{"type": "result", "id": "sEi3c6E4", "ply": 43, "mode": "depth", "repetition": 3, "historical_bad_move": "h5h6", "avoids_recorded_blunder": true, "bestmove": "f1e2", "san": "Be2", "go": "go depth 15", "elapsed": 1.0990556431934237, "final_info": "info depth 15 seldepth 25 score cp 323 nodes 901117", "mate_in_one_replies": []}
{"type": "result", "id": "zQoaxfK6", "ply": 3, "mode": "depth", "repetition": 1, "historical_bad_move": "c1h6", "avoids_recorded_blunder": true, "bestmove": "g1f3", "san": "Nf3", "go": "go depth 15", "elapsed": 2.6846682289615273, "final_info": "info depth 15 seldepth 25 score cp 125 nodes 2245964", "mate_in_one_replies": []}
{"type": "result", "id": "zQoaxfK6", "ply": 3, "mode": "depth", "repetition": 2, "historical_bad_move": "c1h6", "avoids_recorded_blunder": true, "bestmove": "c1g5", "san": "Bg5", "go": "go depth 15", "elapsed": 2.742258718237281, "final_info": "info depth 15 seldepth 30 score cp 146 nodes 2134350", "mate_in_one_replies": []}
{"type": "result", "id": "zQoaxfK6", "ply": 3, "mode": "depth", "repetition": 3, "historical_bad_move": "c1h6", "avoids_recorded_blunder": true, "bestmove": "g1f3", "san": "Nf3", "go": "go depth 15", "elapsed": 2.9212052691727877, "final_info": "info depth 15 seldepth 26 score cp 128 nodes 2540272", "mate_in_one_replies": []}
{"type": "result", "id": "aGvveGBK", "ply": 66, "mode": "depth", "repetition": 1, "historical_bad_move": "h6f4", "avoids_recorded_blunder": true, "bestmove": "h6g7", "san": "Qg7", "go": "go depth 16", "elapsed": 1.997383777052164, "final_info": "info depth 16 seldepth 32 score cp 623 nodes 1962471", "mate_in_one_replies": []}
{"type": "result", "id": "aGvveGBK", "ply": 66, "mode": "depth", "repetition": 2, "historical_bad_move": "h6f4", "avoids_recorded_blunder": true, "bestmove": "h6g7", "san": "Qg7", "go": "go depth 16", "elapsed": 2.002262215130031, "final_info": "info depth 16 seldepth 36 score cp 642 nodes 1890219", "mate_in_one_replies": []}
{"type": "result", "id": "aGvveGBK", "ply": 66, "mode": "depth", "repetition": 3, "historical_bad_move": "h6f4", "avoids_recorded_blunder": true, "bestmove": "h6g7", "san": "Qg7", "go": "go depth 16", "elapsed": 2.744417973794043, "final_info": "info depth 16 seldepth 34 score cp 652 nodes 2681233", "mate_in_one_replies": []}
{"type": "result", "id": "U0E0YGi4", "ply": 61, "mode": "depth", "repetition": 1, "historical_bad_move": "c3h3", "avoids_recorded_blunder": true, "bestmove": "d1c2", "san": "Bc2", "go": "go depth 15", "elapsed": 2.824276185594499, "final_info": "info depth 15 seldepth 29 score cp 389 nodes 2721784", "mate_in_one_replies": []}
{"type": "result", "id": "U0E0YGi4", "ply": 61, "mode": "depth", "repetition": 2, "historical_bad_move": "c3h3", "avoids_recorded_blunder": true, "bestmove": "h1e1", "san": "Re1", "go": "go depth 15", "elapsed": 3.684989388100803, "final_info": "info depth 15 seldepth 25 score cp 346 nodes 3386038", "mate_in_one_replies": []}
{"type": "result", "id": "U0E0YGi4", "ply": 61, "mode": "depth", "repetition": 3, "historical_bad_move": "c3h3", "avoids_recorded_blunder": true, "bestmove": "h2h4", "san": "h4", "go": "go depth 15", "elapsed": 1.8183213770389557, "final_info": "info depth 15 seldepth 26 score cp 381 nodes 1570477", "mate_in_one_replies": []}
{"type": "result", "id": "C3d1f8t5", "ply": 37, "mode": "depth", "repetition": 1, "historical_bad_move": "d3c4", "avoids_recorded_blunder": true, "bestmove": "f3e1", "san": "Ne1", "go": "go depth 12", "elapsed": 1.2580837486311793, "final_info": "info depth 12 seldepth 21 score cp 355 nodes 1217432", "mate_in_one_replies": []}
{"type": "result", "id": "C3d1f8t5", "ply": 37, "mode": "depth", "repetition": 2, "historical_bad_move": "d3c4", "avoids_recorded_blunder": true, "bestmove": "g2g4", "san": "g4", "go": "go depth 12", "elapsed": 0.6785924062132835, "final_info": "info depth 12 seldepth 18 score cp 389 nodes 652703", "mate_in_one_replies": []}
{"type": "result", "id": "C3d1f8t5", "ply": 37, "mode": "depth", "repetition": 3, "historical_bad_move": "d3c4", "avoids_recorded_blunder": true, "bestmove": "b2b4", "san": "b4", "go": "go depth 12", "elapsed": 1.061508184298873, "final_info": "info depth 12 seldepth 26 score cp 353 nodes 1061811", "mate_in_one_replies": []}
{"type": "result", "id": "RbqMJLNn", "ply": 32, "mode": "depth", "repetition": 1, "historical_bad_move": "f6g5", "avoids_recorded_blunder": true, "bestmove": "h8d8", "san": "Rhd8", "go": "go depth 14", "elapsed": 1.3000015979632735, "final_info": "info depth 14 seldepth 22 score cp 229 nodes 1104338", "mate_in_one_replies": []}
{"type": "result", "id": "RbqMJLNn", "ply": 32, "mode": "depth", "repetition": 2, "historical_bad_move": "f6g5", "avoids_recorded_blunder": true, "bestmove": "h8d8", "san": "Rhd8", "go": "go depth 14", "elapsed": 1.4708607913926244, "final_info": "info depth 14 seldepth 22 score cp 190 nodes 1177776", "mate_in_one_replies": []}
{"type": "result", "id": "RbqMJLNn", "ply": 32, "mode": "depth", "repetition": 3, "historical_bad_move": "f6g5", "avoids_recorded_blunder": true, "bestmove": "h8d8", "san": "Rhd8", "go": "go depth 14", "elapsed": 0.9816827718168497, "final_info": "info depth 14 seldepth 22 score cp 225 nodes 849210", "mate_in_one_replies": []}
{"event": "warm_prefix", "id": "sEi3c6E4", "ply": 1, "san": "e4"}
{"event": "warm_prefix", "id": "sEi3c6E4", "ply": 3, "san": "Nf3"}
{"event": "warm_prefix", "id": "sEi3c6E4", "ply": 5, "san": "Nf3"}
{"event": "warm_prefix", "id": "sEi3c6E4", "ply": 7, "san": "cxd5"}
{"event": "warm_prefix", "id": "sEi3c6E4", "ply": 9, "san": "Nc3"}
{"event": "warm_prefix", "id": "sEi3c6E4", "ply": 11, "san": "Qb3"}
{"event": "warm_prefix", "id": "sEi3c6E4", "ply": 13, "san": "Qxb7"}
{"event": "warm_prefix", "id": "sEi3c6E4", "ply": 15, "san": "Qa4+"}
{"event": "warm_prefix", "id": "sEi3c6E4", "ply": 17, "san": "Bxf6"}
{"event": "warm_prefix", "id": "sEi3c6E4", "ply": 19, "san": "e3"}
{"event": "warm_prefix", "id": "sEi3c6E4", "ply": 21, "san": "Qd1"}
{"event": "warm_prefix", "id": "sEi3c6E4", "ply": 23, "san": "h4"}
{"event": "warm_prefix", "id": "sEi3c6E4", "ply": 25, "san": "Na4"}
{"event": "warm_prefix", "id": "sEi3c6E4", "ply": 27, "san": "Nc5"}
{"event": "warm_prefix", "id": "sEi3c6E4", "ply": 29, "san": "h5"}
{"event": "warm_prefix", "id": "sEi3c6E4", "ply": 31, "san": "Nxe4"}
{"event": "warm_prefix", "id": "sEi3c6E4", "ply": 33, "san": "Nh4"}
{"event": "warm_prefix", "id": "sEi3c6E4", "ply": 35, "san": "Qa4"}
{"event": "warm_prefix", "id": "sEi3c6E4", "ply": 37, "san": "g3"}
{"event": "warm_prefix", "id": "sEi3c6E4", "ply": 39, "san": "Qxc6"}
{"event": "warm_prefix", "id": "sEi3c6E4", "ply": 41, "san": "Be2"}
{"type": "result", "id": "sEi3c6E4", "ply": 43, "mode": "warm", "repetition": 1, "historical_bad_move": "h5h6", "avoids_recorded_blunder": true, "bestmove": "f1e2", "san": "Be2", "go": "go wtime 65169 btime 68450 winc 1000 binc 1000", "elapsed": 2.8476075176149607, "final_info": "info depth 18 seldepth 28 score cp 401 nodes 2458065", "mate_in_one_replies": []}
{"event": "warm_prefix", "id": "zQoaxfK6", "ply": 1, "san": "Nf3"}
{"type": "result", "id": "zQoaxfK6", "ply": 3, "mode": "warm", "repetition": 1, "historical_bad_move": "c1h6", "avoids_recorded_blunder": true, "bestmove": "g1f3", "san": "Nf3", "go": "go wtime 119000 btime 120000 winc 2000 binc 2000", "elapsed": 4.1675314623862505, "final_info": "info depth 16 seldepth 29 score cp 123 nodes 3609230", "mate_in_one_replies": []}
{"event": "warm_prefix", "id": "aGvveGBK", "ply": 2, "san": "e5"}
{"event": "warm_prefix", "id": "aGvveGBK", "ply": 4, "san": "Nc6"}
{"event": "warm_prefix", "id": "aGvveGBK", "ply": 6, "san": "Bc5"}
{"event": "warm_prefix", "id": "aGvveGBK", "ply": 8, "san": "Nf6"}
{"event": "warm_prefix", "id": "aGvveGBK", "ply": 10, "san": "Bc5"}
{"event": "warm_prefix", "id": "aGvveGBK", "ply": 12, "san": "h6"}
{"event": "warm_prefix", "id": "aGvveGBK", "ply": 14, "san": "Bg4"}
{"event": "warm_prefix", "id": "aGvveGBK", "ply": 16, "san": "Bxe3"}
{"event": "warm_prefix", "id": "aGvveGBK", "ply": 18, "san": "Be6"}
{"event": "warm_prefix", "id": "aGvveGBK", "ply": 20, "san": "fxe6"}
{"event": "warm_prefix", "id": "aGvveGBK", "ply": 22, "san": "Qe7"}
{"event": "warm_prefix", "id": "aGvveGBK", "ply": 24, "san": "O-O-O"}
{"event": "warm_prefix", "id": "aGvveGBK", "ply": 26, "san": "Rhf8"}
{"event": "warm_prefix", "id": "aGvveGBK", "ply": 28, "san": "g5"}
{"event": "warm_prefix", "id": "aGvveGBK", "ply": 30, "san": "g5"}
{"event": "warm_prefix", "id": "aGvveGBK", "ply": 32, "san": "g4"}
{"event": "warm_prefix", "id": "aGvveGBK", "ply": 34, "san": "g4"}
{"event": "warm_prefix", "id": "aGvveGBK", "ply": 36, "san": "Nh5"}
{"event": "warm_prefix", "id": "aGvveGBK", "ply": 38, "san": "Rxf8"}
{"event": "warm_prefix", "id": "aGvveGBK", "ply": 40, "san": "e5"}
{"event": "warm_prefix", "id": "aGvveGBK", "ply": 42, "san": "exd5"}
{"event": "warm_prefix", "id": "aGvveGBK", "ply": 44, "san": "Qg7"}
{"event": "warm_prefix", "id": "aGvveGBK", "ply": 46, "san": "h4"}
{"event": "warm_prefix", "id": "aGvveGBK", "ply": 48, "san": "h4"}
{"event": "warm_prefix", "id": "aGvveGBK", "ply": 50, "san": "Nf3+"}
{"event": "warm_prefix", "id": "aGvveGBK", "ply": 52, "san": "h3"}
{"event": "warm_prefix", "id": "aGvveGBK", "ply": 54, "san": "Nh4"}
{"event": "warm_prefix", "id": "aGvveGBK", "ply": 56, "san": "hxg2+"}
{"event": "warm_prefix", "id": "aGvveGBK", "ply": 58, "san": "Rf3"}
{"event": "warm_prefix", "id": "aGvveGBK", "ply": 60, "san": "gxf3"}
{"event": "warm_prefix", "id": "aGvveGBK", "ply": 62, "san": "Qg4"}
{"event": "warm_prefix", "id": "aGvveGBK", "ply": 64, "san": "Qh6"}
{"type": "result", "id": "aGvveGBK", "ply": 66, "mode": "warm", "repetition": 1, "historical_bad_move": "h6f4", "avoids_recorded_blunder": true, "bestmove": "h6g7", "san": "Qg7", "go": "go wtime 71210 btime 47959 winc 2000 binc 2000", "elapsed": 2.9133230689913034, "final_info": "info depth 20 seldepth 41 score cp 702 nodes 2880149", "mate_in_one_replies": []}
{"event": "warm_prefix", "id": "U0E0YGi4", "ply": 1, "san": "d4"}
{"event": "warm_prefix", "id": "U0E0YGi4", "ply": 3, "san": "Nc3"}
{"event": "warm_prefix", "id": "U0E0YGi4", "ply": 5, "san": "d4"}
{"event": "warm_prefix", "id": "U0E0YGi4", "ply": 7, "san": "Nxd4"}
{"event": "warm_prefix", "id": "U0E0YGi4", "ply": 9, "san": "c4"}
{"event": "warm_prefix", "id": "U0E0YGi4", "ply": 11, "san": "Nb3"}
{"event": "warm_prefix", "id": "U0E0YGi4", "ply": 13, "san": "Bf4"}
{"event": "warm_prefix", "id": "U0E0YGi4", "ply": 15, "san": "Qe2"}
{"event": "warm_prefix", "id": "U0E0YGi4", "ply": 17, "san": "Be3"}
{"event": "warm_prefix", "id": "U0E0YGi4", "ply": 19, "san": "Bxa7"}
{"event": "warm_prefix", "id": "U0E0YGi4", "ply": 21, "san": "O-O-O"}
{"event": "warm_prefix", "id": "U0E0YGi4", "ply": 23, "san": "g4"}
{"event": "warm_prefix", "id": "U0E0YGi4", "ply": 25, "san": "cxb5"}
{"event": "warm_prefix", "id": "U0E0YGi4", "ply": 27, "san": "Kb1"}
{"event": "warm_prefix", "id": "U0E0YGi4", "ply": 29, "san": "g5"}
{"event": "warm_prefix", "id": "U0E0YGi4", "ply": 31, "san": "Nxb5"}
{"event": "warm_prefix", "id": "U0E0YGi4", "ply": 33, "san": "Qd2"}
{"event": "warm_prefix", "id": "U0E0YGi4", "ply": 35, "san": "h4"}
{"event": "warm_prefix", "id": "U0E0YGi4", "ply": 37, "san": "Be2"}
{"event": "warm_prefix", "id": "U0E0YGi4", "ply": 39, "san": "f5"}
{"event": "warm_prefix", "id": "U0E0YGi4", "ply": 41, "san": "f6"}
{"event": "warm_prefix", "id": "U0E0YGi4", "ply": 43, "san": "gxf6"}
{"event": "warm_prefix", "id": "U0E0YGi4", "ply": 45, "san": "Nxd6"}
{"event": "warm_prefix", "id": "U0E0YGi4", "ply": 47, "san": "Qxd6"}
{"event": "warm_prefix", "id": "U0E0YGi4", "ply": 49, "san": "Qd3"}
{"event": "warm_prefix", "id": "U0E0YGi4", "ply": 51, "san": "Qd6"}
{"event": "warm_prefix", "id": "U0E0YGi4", "ply": 53, "san": "Qd3"}
{"event": "warm_prefix", "id": "U0E0YGi4", "ply": 55, "san": "Rd2"}
{"event": "warm_prefix", "id": "U0E0YGi4", "ply": 57, "san": "Bd1"}
{"event": "warm_prefix", "id": "U0E0YGi4", "ply": 59, "san": "Qg3"}
{"type": "result", "id": "U0E0YGi4", "ply": 61, "mode": "warm", "repetition": 1, "historical_bad_move": "c3h3", "avoids_recorded_blunder": true, "bestmove": "d1c2", "san": "Bc2", "go": "go wtime 58409 btime 62880 winc 2000 binc 2000", "elapsed": 3.210057453252375, "final_info": "info depth 16 seldepth 28 score cp 325 nodes 2742095", "mate_in_one_replies": []}
{"event": "warm_prefix", "id": "C3d1f8t5", "ply": 1, "san": "d4"}
{"event": "warm_prefix", "id": "C3d1f8t5", "ply": 3, "san": "d4"}
{"event": "warm_prefix", "id": "C3d1f8t5", "ply": 5, "san": "e5"}
{"event": "warm_prefix", "id": "C3d1f8t5", "ply": 7, "san": "c4"}
{"event": "warm_prefix", "id": "C3d1f8t5", "ply": 9, "san": "e6"}
{"event": "warm_prefix", "id": "C3d1f8t5", "ply": 11, "san": "Bd3"}
{"event": "warm_prefix", "id": "C3d1f8t5", "ply": 13, "san": "Qxd3"}
{"event": "warm_prefix", "id": "C3d1f8t5", "ply": 15, "san": "Nf3"}
{"event": "warm_prefix", "id": "C3d1f8t5", "ply": 17, "san": "Nc3"}
{"event": "warm_prefix", "id": "C3d1f8t5", "ply": 19, "san": "O-O"}
{"event": "warm_prefix", "id": "C3d1f8t5", "ply": 21, "san": "dxc5"}
{"event": "warm_prefix", "id": "C3d1f8t5", "ply": 23, "san": "Re1"}
{"event": "warm_prefix", "id": "C3d1f8t5", "ply": 25, "san": "Bd4"}
{"event": "warm_prefix", "id": "C3d1f8t5", "ply": 27, "san": "Be5"}
{"event": "warm_prefix", "id": "C3d1f8t5", "ply": 29, "san": "h3"}
{"event": "warm_prefix", "id": "C3d1f8t5", "ply": 31, "san": "Qa6"}
{"event": "warm_prefix", "id": "C3d1f8t5", "ply": 33, "san": "Qe3"}
{"event": "warm_prefix", "id": "C3d1f8t5", "ply": 35, "san": "Nc3"}
{"type": "result", "id": "C3d1f8t5", "ply": 37, "mode": "warm", "repetition": 1, "historical_bad_move": "d3c4", "avoids_recorded_blunder": true, "bestmove": "f3e1", "san": "Ne1", "go": "go wtime 75460 btime 94030 winc 2000 binc 2000", "elapsed": 2.7855811789631844, "final_info": "info depth 14 seldepth 26 score cp 368 nodes 2307003", "mate_in_one_replies": []}
{"event": "warm_prefix", "id": "RbqMJLNn", "ply": 2, "san": "e5"}
{"event": "warm_prefix", "id": "RbqMJLNn", "ply": 4, "san": "Nc6"}
{"event": "warm_prefix", "id": "RbqMJLNn", "ply": 6, "san": "a6"}
{"event": "warm_prefix", "id": "RbqMJLNn", "ply": 8, "san": "Nxe4"}
{"event": "warm_prefix", "id": "RbqMJLNn", "ply": 10, "san": "Nd6"}
{"event": "warm_prefix", "id": "RbqMJLNn", "ply": 12, "san": "Nxb5"}
{"event": "warm_prefix", "id": "RbqMJLNn", "ply": 14, "san": "d6"}
{"event": "warm_prefix", "id": "RbqMJLNn", "ply": 16, "san": "Nxe5"}
{"event": "warm_prefix", "id": "RbqMJLNn", "ply": 18, "san": "Be7"}
{"event": "warm_prefix", "id": "RbqMJLNn", "ply": 20, "san": "dxe5"}
{"event": "warm_prefix", "id": "RbqMJLNn", "ply": 22, "san": "Bxd8"}
{"event": "warm_prefix", "id": "RbqMJLNn", "ply": 24, "san": "Be6"}
{"event": "warm_prefix", "id": "RbqMJLNn", "ply": 26, "san": "Bf6"}
{"event": "warm_prefix", "id": "RbqMJLNn", "ply": 28, "san": "O-O-O"}
{"event": "warm_prefix", "id": "RbqMJLNn", "ply": 30, "san": "Rd7"}
{"type": "result", "id": "RbqMJLNn", "ply": 32, "mode": "warm", "repetition": 1, "historical_bad_move": "f6g5", "avoids_recorded_blunder": true, "bestmove": "h8e8", "san": "Re8", "go": "go wtime 81910 btime 110749 winc 2000 binc 2000", "elapsed": 7.004438702017069, "final_info": "info depth 19 seldepth 31 score cp 176 nodes 6034054", "mate_in_one_replies": []}
