test_failure_drains_existing_jobs_and_resume_fetches_only_unfinished (training.nnue.tests.test_fetch_lc0_parallel.ParallelSnapshotTests.test_failure_drains_existing_jobs_and_resume_fetches_only_unfinished) ... downloaded 1.tar
downloaded 0.tar
downloaded 2.tar
ok
test_inflight_sizes_are_reserved_together_and_low_space_waits_for_completion (training.nnue.tests.test_fetch_lc0_parallel.ParallelSnapshotTests.test_inflight_sizes_are_reserved_together_and_low_space_waits_for_completion) ... downloaded 0.tar
downloaded 1.tar
downloaded 2.tar
ok
test_insufficient_space_stops_without_downloading (training.nnue.tests.test_fetch_lc0_parallel.ParallelSnapshotTests.test_insufficient_space_stops_without_downloading) ... ok
test_invalid_concurrency_and_destination_collisions_fail_before_writing (training.nnue.tests.test_fetch_lc0_parallel.ParallelSnapshotTests.test_invalid_concurrency_and_destination_collisions_fail_before_writing) ... ok
test_out_of_order_completion_is_persisted_before_slow_first_download (training.nnue.tests.test_fetch_lc0_parallel.ParallelSnapshotTests.test_out_of_order_completion_is_persisted_before_slow_first_download) ... downloaded 1.tar
downloaded 2.tar
downloaded 0.tar
downloaded 3.tar
downloaded 4.tar
ok
test_snapshot_cli_forwards_existing_concurrency_option (training.nnue.tests.test_fetch_lc0_parallel.ParallelSnapshotTests.test_snapshot_cli_forwards_existing_concurrency_option) ... ok
test_curl_checksum_mismatch_does_not_publish (training.nnue.tests.test_fetch_lc0_snapshot.SnapshotTests.test_curl_checksum_mismatch_does_not_publish) ... ok
test_curl_failure_preserves_existing_and_removes_partial (training.nnue.tests.test_fetch_lc0_snapshot.SnapshotTests.test_curl_failure_preserves_existing_and_removes_partial) ... ok
test_dated_tar_inventory_includes_boundaries_and_records_size (training.nnue.tests.test_fetch_lc0_snapshot.SnapshotTests.test_dated_tar_inventory_includes_boundaries_and_records_size) ... ok
test_snapshot_resume_verifies_sha_and_reuses_frozen_inventory (training.nnue.tests.test_fetch_lc0_snapshot.SnapshotTests.test_snapshot_resume_verifies_sha_and_reuses_frozen_inventory) ... ok
test_aliased_manifest_is_rejected_before_any_receipt_exists (training.nnue.tests.test_fetch_lc0_eviction.FetchEvictionTests.test_aliased_manifest_is_rejected_before_any_receipt_exists) ... ok
test_corrupt_derived_chunk_refuses_even_if_raw_is_present (training.nnue.tests.test_fetch_lc0_eviction.FetchEvictionTests.test_corrupt_derived_chunk_refuses_even_if_raw_is_present) ... ok
test_corrupt_receipt_is_checked_even_when_raw_is_present (training.nnue.tests.test_fetch_lc0_eviction.FetchEvictionTests.test_corrupt_receipt_is_checked_even_when_raw_is_present) ... ok
test_default_mode_still_redownloads_missing_raw (training.nnue.tests.test_fetch_lc0_eviction.FetchEvictionTests.test_default_mode_still_redownloads_missing_raw) ... ok
test_download_capacity_counts_existing_usage_and_keeps_reserve (training.nnue.tests.test_fetch_lc0_eviction.FetchEvictionTests.test_download_capacity_counts_existing_usage_and_keeps_reserve) ... ok
test_evicted_archive_is_verified_without_manifest_rewrite_or_download (training.nnue.tests.test_fetch_lc0_eviction.FetchEvictionTests.test_evicted_archive_is_verified_without_manifest_rewrite_or_download) ... ok
test_eviction_flag_is_snapshot_only (training.nnue.tests.test_fetch_lc0_eviction.FetchEvictionTests.test_eviction_flag_is_snapshot_only) ... ok
test_fetch_respects_exclusive_preparation_lock (training.nnue.tests.test_fetch_lc0_eviction.FetchEvictionTests.test_fetch_respects_exclusive_preparation_lock) ... ok
test_initialized_corpus_missing_raw_without_receipt_fails_closed (training.nnue.tests.test_fetch_lc0_eviction.FetchEvictionTests.test_initialized_corpus_missing_raw_without_receipt_fails_closed) ... ok
test_invalid_api_capacity_fails_before_manifest_write_even_if_cached (training.nnue.tests.test_fetch_lc0_eviction.FetchEvictionTests.test_invalid_api_capacity_fails_before_manifest_write_even_if_cached) ... ok
test_invalid_cli_capacity_fails_before_any_manifest_write (training.nnue.tests.test_fetch_lc0_eviction.FetchEvictionTests.test_invalid_cli_capacity_fails_before_any_manifest_write) ... ok
test_main_aliased_manifest_is_rejected_before_reading_or_rewriting (training.nnue.tests.test_fetch_lc0_eviction.FetchEvictionTests.test_main_aliased_manifest_is_rejected_before_reading_or_rewriting) ... ok
test_main_missing_manifest_with_corpus_evidence_cannot_discover_or_write (training.nnue.tests.test_fetch_lc0_eviction.FetchEvictionTests.test_main_missing_manifest_with_corpus_evidence_cannot_discover_or_write) ... ok
test_main_receipt_resume_preserves_original_manifest_bytes (training.nnue.tests.test_fetch_lc0_eviction.FetchEvictionTests.test_main_receipt_resume_preserves_original_manifest_bytes) ... ok
test_main_wires_decimal_capacity_and_explicit_raw_root (training.nnue.tests.test_fetch_lc0_eviction.FetchEvictionTests.test_main_wires_decimal_capacity_and_explicit_raw_root) ... ok
test_missing_dedup_database_cannot_trigger_redownload (training.nnue.tests.test_fetch_lc0_eviction.FetchEvictionTests.test_missing_dedup_database_cannot_trigger_redownload) ... ok
test_opt_in_initial_download_before_corpus_initialization_is_ordinary (training.nnue.tests.test_fetch_lc0_eviction.FetchEvictionTests.test_opt_in_initial_download_before_corpus_initialization_is_ordinary) ... ok
test_opt_in_requires_explicit_raw_root (training.nnue.tests.test_fetch_lc0_eviction.FetchEvictionTests.test_opt_in_requires_explicit_raw_root) ... ok
test_positive_capacity_flag_cannot_be_silently_ignored_in_legacy_mode (training.nnue.tests.test_fetch_lc0_eviction.FetchEvictionTests.test_positive_capacity_flag_cannot_be_silently_ignored_in_legacy_mode) ... ok
test_prepared_present_archive_without_receipt_preserves_frozen_bytes (training.nnue.tests.test_fetch_lc0_eviction.FetchEvictionTests.test_prepared_present_archive_without_receipt_preserves_frozen_bytes) ... ok
test_present_raw_checksum_is_checked_and_failure_preserves_manifest (training.nnue.tests.test_fetch_lc0_eviction.FetchEvictionTests.test_present_raw_checksum_is_checked_and_failure_preserves_manifest) ... ok
test_present_symlink_without_receipt_fails_closed (training.nnue.tests.test_fetch_lc0_eviction.FetchEvictionTests.test_present_symlink_without_receipt_fails_closed) ... ok
test_verified_present_archive_and_receipt_are_never_deleted_by_fetch (training.nnue.tests.test_fetch_lc0_eviction.FetchEvictionTests.test_verified_present_archive_and_receipt_are_never_deleted_by_fetch) ... ok
test_bad_pool_size_is_rejected_before_bootstrap_or_source_pin (scripts.tests.test_lc0_parallel_deployment.ParallelDeploymentTests.test_bad_pool_size_is_rejected_before_bootstrap_or_source_pin) ... ok
test_pool_defaults_to_four_and_explicit_override_reaches_fetch (scripts.tests.test_lc0_parallel_deployment.ParallelDeploymentTests.test_pool_defaults_to_four_and_explicit_override_reaches_fetch) ... ok
test_shell_forwards_download_pool_and_explicit_cli_override (scripts.tests.test_lc0_parallel_deployment.ParallelLauncherTests.test_shell_forwards_download_pool_and_explicit_cli_override) ... ok
test_capacity_preflight_uses_rented_ceiling_before_pinning (scripts.tests.test_lc0_storage_deployment.Lc0StorageDeploymentTests.test_capacity_preflight_uses_rented_ceiling_before_pinning) ... ok
test_default_capacity_keeps_filesystem_free_space_behavior (scripts.tests.test_lc0_storage_deployment.Lc0StorageDeploymentTests.test_default_capacity_keeps_filesystem_free_space_behavior) ... ok
test_default_retains_raw_and_forwards_disabled_capacity_to_every_stage (scripts.tests.test_lc0_storage_deployment.Lc0StorageDeploymentTests.test_default_retains_raw_and_forwards_disabled_capacity_to_every_stage) ... ok
test_exhausted_ceiling_with_zero_reserve_refuses_preflight_before_output (scripts.tests.test_lc0_storage_deployment.Lc0StorageDeploymentTests.test_exhausted_ceiling_with_zero_reserve_refuses_preflight_before_output) ... ok
test_explicit_no_eviction_overrides_enabled_flag_without_disabling_capacity (scripts.tests.test_lc0_storage_deployment.Lc0StorageDeploymentTests.test_explicit_no_eviction_overrides_enabled_flag_without_disabling_capacity) ... ok
test_invalid_capacity_is_rejected_before_bootstrap_or_pin (scripts.tests.test_lc0_storage_deployment.Lc0StorageDeploymentTests.test_invalid_capacity_is_rejected_before_bootstrap_or_pin) ... ok
test_opt_in_forwards_receipt_root_capacity_and_explicit_raw_root (scripts.tests.test_lc0_storage_deployment.Lc0StorageDeploymentTests.test_opt_in_forwards_receipt_root_capacity_and_explicit_raw_root) ... ok
test_prospective_supervisor_config_explicitly_selects_478gb_and_eviction (scripts.tests.test_lc0_storage_deployment.Lc0StorageLauncherTests.test_prospective_supervisor_config_explicitly_selects_478gb_and_eviction) ... ok
test_shell_default_is_explicit_no_eviction_no_capacity_and_720_hours (scripts.tests.test_lc0_storage_deployment.Lc0StorageLauncherTests.test_shell_default_is_explicit_no_eviction_no_capacity_and_720_hours) ... ok
test_shell_enables_eviction_and_preserves_trailing_overrides (scripts.tests.test_lc0_storage_deployment.Lc0StorageLauncherTests.test_shell_enables_eviction_and_preserves_trailing_overrides) ... ok
test_shell_rejects_invalid_eviction_values_before_starting_python (scripts.tests.test_lc0_storage_deployment.Lc0StorageLauncherTests.test_shell_rejects_invalid_eviction_values_before_starting_python) ... ok

----------------------------------------------------------------------
Ran 47 tests in 0.760s

OK
