test_committed_book_has_exact_ordered_bags (training.nnue.tests.test_features_v2_throughput.FeaturesV2ThroughputTests.test_committed_book_has_exact_ordered_bags) ... ok
test_exact_color_plane_and_original_square_order_before_black_flip (training.nnue.tests.test_features_v2_throughput.FeaturesV2ThroughputTests.test_exact_color_plane_and_original_square_order_before_black_flip) ... ok
test_parser_acceptance_and_errors_are_unchanged (training.nnue.tests.test_features_v2_throughput.FeaturesV2ThroughputTests.test_parser_acceptance_and_errors_are_unchanged) ... ok
test_piece_collection_is_scanned_once_for_both_perspectives (training.nnue.tests.test_features_v2_throughput.FeaturesV2ThroughputTests.test_piece_collection_is_scanned_once_for_both_perspectives) ... FAIL
test_special_material_and_empty_bags_match_ordered_reference (training.nnue.tests.test_features_v2_throughput.FeaturesV2ThroughputTests.test_special_material_and_empty_bags_match_ordered_reference) ... ok
test_all_formats_transforms_and_black_views_match_square_reference (training.nnue.tests.test_lc0_fen_throughput.FenConstructionTests.test_all_formats_transforms_and_black_views_match_square_reference) ... ok
test_all_pairwise_overlap_precedence_for_both_colors (training.nnue.tests.test_lc0_fen_throughput.FenConstructionTests.test_all_pairwise_overlap_precedence_for_both_colors) ... ok
test_board_construction_avoids_per_square_mask_scan (training.nnue.tests.test_lc0_fen_throughput.FenConstructionTests.test_board_construction_avoids_per_square_mask_scan) ... FAIL
test_castling_en_passant_and_rule50_fields_are_unchanged (training.nnue.tests.test_lc0_fen_throughput.FenConstructionTests.test_castling_en_passant_and_rule50_fields_are_unchanged) ... ok
test_corpus_labels_and_malformed_filtering_match_reference_construction (training.nnue.tests.test_lc0_fen_throughput.FenConstructionTests.test_corpus_labels_and_malformed_filtering_match_reference_construction) ... ok
test_zero_full_negative_and_wide_masks_preserve_64_bit_contract (training.nnue.tests.test_lc0_fen_throughput.FenConstructionTests.test_zero_full_negative_and_wide_masks_preserve_64_bit_contract) ... ok

======================================================================
FAIL: test_piece_collection_is_scanned_once_for_both_perspectives (training.nnue.tests.test_features_v2_throughput.FeaturesV2ThroughputTests.test_piece_collection_is_scanned_once_for_both_perspectives)
----------------------------------------------------------------------
Traceback (most recent call last):
  File "/private/tmp/piebot-lc0-runtime-current/training/nnue/tests/test_features_v2_throughput.py", line 79, in test_piece_collection_is_scanned_once_for_both_perspectives
    self.assertEqual(pieces.scans, 1, "classify pieces once before deriving both perspectives")
    ~~~~~~~~~~~~~~~~^^^^^^^^^^^^^^^^^^^^^^^^^^^^^^^^^^^^^^^^^^^^^^^^^^^^^^^^^^^^^^^^^^^^^^^^^^^
AssertionError: 20 != 1 : classify pieces once before deriving both perspectives

======================================================================
FAIL: test_board_construction_avoids_per_square_mask_scan (training.nnue.tests.test_lc0_fen_throughput.FenConstructionTests.test_board_construction_avoids_per_square_mask_scan)
----------------------------------------------------------------------
Traceback (most recent call last):
  File "/private/tmp/piebot-lc0-runtime-current/training/nnue/tests/test_lc0_fen_throughput.py", line 63, in test_board_construction_avoids_per_square_mask_scan
    self.assertEqual(piece_scan.call_count, 0, 'FEN construction must enumerate occupied bits')
    ~~~~~~~~~~~~~~~~^^^^^^^^^^^^^^^^^^^^^^^^^^^^^^^^^^^^^^^^^^^^^^^^^^^^^^^^^^^^^^^^^^^^^^^^^^^
AssertionError: 64 != 0 : FEN construction must enumerate occupied bits

----------------------------------------------------------------------
Ran 11 tests in 0.159s

FAILED (failures=2)
